[0m13:27:39.243106 [debug] [MainThread]: Sending event: {'category': 'dbt', 'action': 'invocation', 'label': 'start', 'context': [<snowplow_tracker.self_describing_json.SelfDescribingJson object at 0x000001C09C1927B0>, <snowplow_tracker.self_describing_json.SelfDescribingJson object at 0x000001C09E78FED0>, <snowplow_tracker.self_describing_json.SelfDescribingJson object at 0x000001C09E78FB10>]}


============================== 13:27:39.247049 | 51c70d0a-df3c-4311-999d-5950665967a4 ==============================
[0m13:27:39.247049 [info ] [MainThread]: Running with dbt=1.12.5
[0m13:27:39.247619 [debug] [MainThread]: running dbt with arguments {'version_check': 'True', 'no_print': 'None', 'maximum_seed_size_mib': '1', 'target_path': 'None', 'static_parser': 'True', 'warn_error_options': 'WarnErrorOptionsV2(error=[], warn=[], silence=[])', 'printer_width': '80', 'write_json': 'True', 'empty': 'None', 'log_cache_events': 'False', 'introspect': 'True', 'cache_selected_only': 'False', 'fail_fast': 'False', 'debug': 'False', 'log_format': 'default', 'profiles_dir': 'C:\\Users\\snata\\.dbt', 'send_anonymous_usage_stats': 'True', 'quiet': 'False', 'warn_error': 'None', 'partial_parse': 'True', 'use_colors': 'True', 'hints_enabled': 'True', 'invocation_command': 'dbt init --skip-profile-setup airbnb', 'use_experimental_parser': 'False', 'indirect_selection': 'eager', 'log_path': 'logs'}
[0m13:27:39.373049 [info ] [MainThread]: Creating dbt configuration folder at C:\Users\snata\.dbt
[0m13:27:39.376720 [debug] [MainThread]: Starter project path: C:\Users\snata\course\.venv\Lib\site-packages\dbt\include\starter_project
[0m13:27:39.387594 [info ] [MainThread]: Your new dbt project "airbnb" was created!
Initialized new project in C:\Users\snata\course\airbnb\airbnb

For more information on how to configure the profiles.yml file,
please consult the dbt documentation here:

  https://docs.getdbt.com/docs/configure-your-profile

One more thing:

Need help? Don't hesitate to reach out to us via GitHub issues or on Slack:

  https://community.getdbt.com/

Happy modeling!

[0m13:27:39.388688 [debug] [MainThread]: Command `dbt init` succeeded at 13:27:39.388565 after 0.48 seconds
[0m13:27:39.388990 [debug] [MainThread]: Sending event: {'category': 'dbt', 'action': 'invocation', 'label': 'end', 'context': [<snowplow_tracker.self_describing_json.SelfDescribingJson object at 0x000001C09E7D75C0>, <snowplow_tracker.self_describing_json.SelfDescribingJson object at 0x000001C09E639C70>, <snowplow_tracker.self_describing_json.SelfDescribingJson object at 0x000001C09E7AF8A0>]}
[0m13:27:39.389291 [debug] [MainThread]: Flushing usage events
[0m13:27:40.551066 [debug] [MainThread]: An error was encountered while trying to flush usage events
[0m22:40:41.112016 [debug] [MainThread]: Sending event: {'category': 'dbt', 'action': 'invocation', 'label': 'start', 'context': [<snowplow_tracker.self_describing_json.SelfDescribingJson object at 0x000001AF886027B0>, <snowplow_tracker.self_describing_json.SelfDescribingJson object at 0x000001AF8AC5BED0>, <snowplow_tracker.self_describing_json.SelfDescribingJson object at 0x000001AF8AC5BB10>]}


============================== 22:40:41.126949 | 108cf203-68c3-4fc6-9817-b4ebb8b2197a ==============================
[0m22:40:41.126949 [info ] [MainThread]: Running with dbt=1.12.5
[0m22:40:41.127459 [debug] [MainThread]: running dbt with arguments {'static_parser': 'True', 'no_print': 'None', 'version_check': 'True', 'target_path': 'None', 'maximum_seed_size_mib': '1', 'warn_error_options': 'WarnErrorOptionsV2(error=[], warn=[], silence=[])', 'printer_width': '80', 'write_json': 'True', 'introspect': 'True', 'log_cache_events': 'False', 'empty': 'False', 'cache_selected_only': 'False', 'fail_fast': 'False', 'debug': 'False', 'log_format': 'default', 'profiles_dir': 'C:\\Users\\snata\\.dbt', 'send_anonymous_usage_stats': 'True', 'quiet': 'False', 'warn_error': 'None', 'partial_parse': 'True', 'invocation_command': 'dbt run', 'hints_enabled': 'True', 'indirect_selection': 'eager', 'use_experimental_parser': 'False', 'use_colors': 'True', 'log_path': 'logs'}
[0m22:40:41.127898 [error] [MainThread]: [[31mERROR[0m]: Encountered an error:
Runtime Error
  No dbt_project.yml found at expected path C:\Users\snata\course\dbt_project.yml
  Verify that each entry within packages.yml (and their transitive dependencies) contains a file named dbt_project.yml
  
[0m22:40:41.128783 [debug] [MainThread]: Command `dbt run` failed at 22:40:41.128681 after 0.26 seconds
[0m22:40:41.129060 [debug] [MainThread]: Sending event: {'category': 'dbt', 'action': 'invocation', 'label': 'end', 'context': [<snowplow_tracker.self_describing_json.SelfDescribingJson object at 0x000001AF8AC89F30>, <snowplow_tracker.self_describing_json.SelfDescribingJson object at 0x000001AF8AC1DD90>, <snowplow_tracker.self_describing_json.SelfDescribingJson object at 0x000001AF8ACB5480>]}
[0m22:40:41.129330 [debug] [MainThread]: Flushing usage events
[0m22:40:42.233483 [debug] [MainThread]: An error was encountered while trying to flush usage events
